Lmod has detected the following error: The following module(s) are unknown:
"slurm/18-08-4-1-hits"

Please check the spelling or version number. Also try "module spider ..."
It is also possible your cache file is out-of-date; it may help to try:
  $ module --ignore-cache load "slurm/18-08-4-1-hits"

Also make sure that all modulefiles written in TCL start with the string
#%Module



